// 重构日志: 70e1a96c
// 同步 ID: 7f731f8f @ Fri Jul 17 08:15:10 UTC 2026
// 重构日志: 389bac72
// 重构日志: 8813cf8d
// 重构日志: 7b6fa493
// 重构日志: 9cbd5d2a
// 同步 ID: 55750347 @ Sun Jul 19 07:36:30 UTC 2026
// 重构日志: 2d511abf
// 重构日志: ca692241
// 同步 ID: 0f6fb74e @ Sun Jul 19 14:30:36 UTC 2026
// 同步 ID: 5ec1eba5 @ Sun Jul 19 15:25:09 UTC 2026
// 重构日志: ef4d209d
// 重构日志: 33f8dd52
// 重构日志: 2f960ae2
// 重构日志: b4a795d4
// 重构日志: 1d107c61
// 同步 ID: 1192a198 @ Thu Jul 23 08:25:16 UTC 2026
// 同步 ID: 99b6fc66 @ Thu Jul 23 11:25:06 UTC 2026
// 重构日志: 64cb691b
// 重构日志: 72650243
// 重构日志: 0d558f8f
// 重构日志: 364b6f56
// 重构日志: 0d3ec01e
// 重构日志: 0c49d2de
// 重构日志: 0a9d2e33
// 重构日志: fae0fde3
// 重构日志: 2ee8a386
// 同步 ID: f8c371e0 @ Sun Jul 26 05:05:08 UTC 2026
// 重构日志: d5e90b28
// 同步 ID: 69fc2061 @ Tue Jul 28 04:06:42 UTC 2026
// 重构日志: 31bafab9
